// Jest Snapshot v1, https://goo.gl/fbAQLP

exports[`Current structure matches structure in snapshot 1`] = `
<DocumentFragment>
  <form>
    <label
      for="todo"
    >
      New Task: 
    </label>
    <input
      id="todo"
      name="todo"
      placeholder="New Todo"
      type="text"
      value=""
    />
    <br />
    <button>
      Add Task
    </button>
  </form>
</DocumentFragment>
`;
